$ /Users/bb/Desktop/class/sqa/defects4j/framework/bin/defects4j checkout -p Compress -v 11b -w /var/folders/_c/bhfq_dq542v3xgprq8g8_qxc0000gn/T/ga-coverage-v2-Compress_11-4qixnuu5/buggy
Checking out a933173f to /var/folders/_c/bhfq_dq542v3xgprq8g8_qxc0000gn/T/g OK
Init local repository...................................................... OK
Tag post-fix revision...................................................... OK
Copy generated Ant build file.............................................. OK
Run post-checkout hook..................................................... OK
Excluding broken/flaky tests............................................... OK
Backing up build file: /var/folders/_c/bhfq_dq542v3xgprq8g8_qxc0000gn/T/ga- OK
Initialize fixed program version........................................... OK
Apply patch................................................................ OK
Initialize buggy program version........................................... OK
Diff a933173f:00cc49e7..................................................... OK
Apply patch................................................................ OK
Tag pre-fix revision....................................................... OK
Check out program version: Compress-11b.................................... OK
[exit 0]
$ /Users/bb/Desktop/class/sqa/defects4j/framework/bin/defects4j compile -w /var/folders/_c/bhfq_dq542v3xgprq8g8_qxc0000gn/T/ga-coverage-v2-Compress_11-4qixnuu5/buggy
Running ant (compile)...................................................... OK
Running ant (compile.tests)................................................ OK
[exit 0]
$ /Users/bb/Desktop/class/sqa/defects4j/framework/bin/defects4j coverage -w /var/folders/_c/bhfq_dq542v3xgprq8g8_qxc0000gn/T/ga-coverage-v2-Compress_11-4qixnuu5/buggy -s /var/folders/_c/bhfq_dq542v3xgprq8g8_qxc0000gn/T/ga-coverage-v2-Compress_11-4qixnuu5/Compress-11b-evosuite-ga.1.tar.bz2
Extract test suite......................................................... OK
Running ant (compile.gen.tests)............................................ OK
Running ant (coverage.instrument).......................................... OK
Running ant (run.gen.tests)................................................ OK
Running ant (coverage.report).............................................. OK
WARNING: Some tests failed (see /var/folders/_c/bhfq_dq542v3xgprq8g8_qxc0000gn/T/ga-coverage-v2-Compress_11-4qixnuu5/buggy/failing_tests)!
       Lines total: 69
     Lines covered: 60
  Conditions total: 46
Conditions covered: 40
     Line coverage: 87.0%
Condition coverage: 87.0%
[exit 0]
