Selected 852 targets; pending 849; workers 4
[Chart_4] NOT_AVAILABLE
[Chart_3] NOT_AVAILABLE
[Chart_5] NOT_AVAILABLE
[Chart_2] NOT_AVAILABLE
[Chart_6] NOT_AVAILABLE
[Chart_7] NOT_AVAILABLE
[Chart_9] NOT_AVAILABLE
[Chart_8] INCONCLUSIVE
[Chart_11] NOT_AVAILABLE
[Chart_12] NOT_AVAILABLE
[Chart_10] INCONCLUSIVE
[Chart_13] NOT_AVAILABLE
[Chart_14] NOT_AVAILABLE
[Chart_16] NOT_AVAILABLE
[Chart_17] NOT_AVAILABLE
[Chart_15] INCONCLUSIVE
[Chart_19] NOT_AVAILABLE
[Chart_18] INCONCLUSIVE
[Chart_20] NOT_AVAILABLE
[Chart_21] INCONCLUSIVE
[Chart_23] NOT_AVAILABLE
[Chart_22] INCONCLUSIVE
[Chart_24] INCONCLUSIVE
[Chart_25] NOT_AVAILABLE
[Cli_1] NOT_AVAILABLE
[Chart_26] NOT_AVAILABLE
[Cli_2] INCONCLUSIVE
[Cli_3] INCONCLUSIVE
[Cli_7] NOT_AVAILABLE
[Cli_4] INCONCLUSIVE
[Cli_9] NOT_AVAILABLE
[Cli_10] NOT_AVAILABLE
[Cli_8] INCONCLUSIVE
[Cli_11] NOT_AVAILABLE
[Cli_13] NOT_AVAILABLE
[Cli_14] NOT_AVAILABLE
[Cli_12] INCONCLUSIVE
[Cli_15] NOT_AVAILABLE
