$ /Users/bb/Desktop/class/sqa/defects4j/framework/bin/defects4j checkout -p Closure -v 51b -w /var/folders/_c/bhfq_dq542v3xgprq8g8_qxc0000gn/T/ga-coverage-v2-Closure_51-ac9zbs5e/buggy
Checking out a02241e5 to /var/folders/_c/bhfq_dq542v3xgprq8g8_qxc0000gn/T/g OK
Init local repository...................................................... OK
Tag post-fix revision...................................................... OK
Run post-checkout hook..................................................... OK
Excluding broken/flaky tests............................................... OK
Excluding broken/flaky tests............................................... OK
Initialize fixed program version........................................... OK
Apply patch................................................................ OK
Initialize buggy program version........................................... OK
Diff a02241e5:44c2d711..................................................... OK
Apply patch................................................................ OK
Tag pre-fix revision....................................................... OK
Check out program version: Closure-51b..................................... OK
[exit 0]
$ /Users/bb/Desktop/class/sqa/defects4j/framework/bin/defects4j compile -w /var/folders/_c/bhfq_dq542v3xgprq8g8_qxc0000gn/T/ga-coverage-v2-Closure_51-ac9zbs5e/buggy
Running ant (compile)...................................................... OK
Running ant (compile.tests)................................................ OK
[exit 0]
$ /Users/bb/Desktop/class/sqa/defects4j/framework/bin/defects4j coverage -w /var/folders/_c/bhfq_dq542v3xgprq8g8_qxc0000gn/T/ga-coverage-v2-Closure_51-ac9zbs5e/buggy -s /var/folders/_c/bhfq_dq542v3xgprq8g8_qxc0000gn/T/ga-coverage-v2-Closure_51-ac9zbs5e/Closure-51b-evosuite-ga.1.tar.bz2
Extract test suite......................................................... OK
Running ant (compile.gen.tests)............................................ OK
Running ant (coverage.instrument).......................................... OK
Running ant (run.gen.tests)................................................ OK
Running ant (coverage.report).............................................. OK
       Lines total: 108
     Lines covered: 2
  Conditions total: 54
Conditions covered: 6
     Line coverage: 1.9%
Condition coverage: 11.1%
[exit 0]
