$ /Users/bb/Desktop/class/sqa/defects4j/framework/bin/defects4j checkout -p Math -v 99b -w /var/folders/_c/bhfq_dq542v3xgprq8g8_qxc0000gn/T/ga-coverage-v2-Math_99-cr0oy7hf/buggy
Checking out 8bf548c5 to /var/folders/_c/bhfq_dq542v3xgprq8g8_qxc0000gn/T/g OK
Init local repository...................................................... OK
Tag post-fix revision...................................................... OK
Run post-checkout hook..................................................... OK
Excluding broken/flaky tests............................................... OK
Excluding broken/flaky tests............................................... OK
Excluding broken/flaky tests............................................... OK
Initialize fixed program version........................................... OK
Apply patch................................................................ OK
Initialize buggy program version........................................... OK
Diff 8bf548c5:39a80bf2..................................................... OK
Apply patch................................................................ OK
Tag pre-fix revision....................................................... OK
Check out program version: Math-99b........................................ OK
[exit 0]
$ /Users/bb/Desktop/class/sqa/defects4j/framework/bin/defects4j compile -w /var/folders/_c/bhfq_dq542v3xgprq8g8_qxc0000gn/T/ga-coverage-v2-Math_99-cr0oy7hf/buggy
Running ant (compile)...................................................... OK
Running ant (compile.tests)................................................ OK
[exit 0]
$ /Users/bb/Desktop/class/sqa/defects4j/framework/bin/defects4j coverage -w /var/folders/_c/bhfq_dq542v3xgprq8g8_qxc0000gn/T/ga-coverage-v2-Math_99-cr0oy7hf/buggy -s /var/folders/_c/bhfq_dq542v3xgprq8g8_qxc0000gn/T/ga-coverage-v2-Math_99-cr0oy7hf/Math-99b-evosuite-ga.1.tar.bz2
Extract test suite......................................................... OK
Running ant (compile.gen.tests)............................................ OK
Running ant (coverage.instrument).......................................... OK
Running ant (run.gen.tests)................................................ OK
Running ant (coverage.report).............................................. OK
WARNING: Some tests failed (see /var/folders/_c/bhfq_dq542v3xgprq8g8_qxc0000gn/T/ga-coverage-v2-Math_99-cr0oy7hf/buggy/failing_tests)!
       Lines total: 269
     Lines covered: 248
  Conditions total: 271
Conditions covered: 255
     Line coverage: 92.2%
Condition coverage: 94.1%
[exit 0]
