$ /Users/bb/Desktop/class/sqa/defects4j/framework/bin/defects4j checkout -p Mockito -v 30b -w /var/folders/_c/bhfq_dq542v3xgprq8g8_qxc0000gn/T/ga-coverage-v2-Mockito_30-vwivw_s9/buggy
Checking out 3c924f80 to /var/folders/_c/bhfq_dq542v3xgprq8g8_qxc0000gn/T/g OK
Init local repository...................................................... OK
Tag post-fix revision...................................................... OK
sed: /var/folders/_c/bhfq_dq542v3xgprq8g8_qxc0000gn/T/ga-coverage-v2-Mockito_30-vwivw_s9/buggy/gradle/wrapper/gradle-wrapper.properties: No such file or directory
sed: /var/folders/_c/bhfq_dq542v3xgprq8g8_qxc0000gn/T/ga-coverage-v2-Mockito_30-vwivw_s9/buggy/gradle/wrapper/gradle-wrapper.properties: No such file or directory
sed: /var/folders/_c/bhfq_dq542v3xgprq8g8_qxc0000gn/T/ga-coverage-v2-Mockito_30-vwivw_s9/buggy/buildSrc/build.gradle: No such file or directory
Run post-checkout hook..................................................... OK
Excluding broken/flaky tests............................................... OK
Excluding broken/flaky tests............................................... OK
Excluding broken/flaky tests............................................... OK
Backing up build file: /var/folders/_c/bhfq_dq542v3xgprq8g8_qxc0000gn/T/ga- OK
Initialize fixed program version........................................... OK
Apply patch................................................................ OK
Initialize buggy program version........................................... OK
Diff 3c924f80:62b6bdf4..................................................... OK
Apply patch................................................................ OK
Tag pre-fix revision....................................................... OK
Check out program version: Mockito-30b..................................... OK
[exit 0]
$ /Users/bb/Desktop/class/sqa/defects4j/framework/bin/defects4j compile -w /var/folders/_c/bhfq_dq542v3xgprq8g8_qxc0000gn/T/ga-coverage-v2-Mockito_30-vwivw_s9/buggy
Running ant (compile)...................................................... OK
Running ant (compile.tests)................................................ OK
[exit 0]
$ /Users/bb/Desktop/class/sqa/defects4j/framework/bin/defects4j coverage -w /var/folders/_c/bhfq_dq542v3xgprq8g8_qxc0000gn/T/ga-coverage-v2-Mockito_30-vwivw_s9/buggy -s /var/folders/_c/bhfq_dq542v3xgprq8g8_qxc0000gn/T/ga-coverage-v2-Mockito_30-vwivw_s9/Mockito-30b-evosuite-ga.1.tar.bz2
Extract test suite......................................................... OK
Running ant (compile.gen.tests)............................................ OK
Running ant (coverage.instrument).......................................... OK
Running ant (run.gen.tests)................................................ OK
Running ant (coverage.report).............................................. OK
       Lines total: 112
     Lines covered: 78
  Conditions total: 14
Conditions covered: 6
     Line coverage: 69.6%
Condition coverage: 42.9%
[exit 0]
