$ /Users/bb/Desktop/class/sqa/defects4j/framework/bin/defects4j checkout -p Closure -v 29b -w /var/folders/_c/bhfq_dq542v3xgprq8g8_qxc0000gn/T/ga-coverage-v2-Closure_29-n0ht6bbk/buggy
Checking out 6924915e to /var/folders/_c/bhfq_dq542v3xgprq8g8_qxc0000gn/T/g OK
Init local repository...................................................... OK
Tag post-fix revision...................................................... OK
Run post-checkout hook..................................................... OK
Excluding broken/flaky tests............................................... OK
Excluding broken/flaky tests............................................... OK
Initialize fixed program version........................................... OK
Apply patch................................................................ OK
Initialize buggy program version........................................... OK
Diff 6924915e:3587cc3b..................................................... OK
Apply patch................................................................ OK
Tag pre-fix revision....................................................... OK
Check out program version: Closure-29b..................................... OK
[exit 0]
$ /Users/bb/Desktop/class/sqa/defects4j/framework/bin/defects4j compile -w /var/folders/_c/bhfq_dq542v3xgprq8g8_qxc0000gn/T/ga-coverage-v2-Closure_29-n0ht6bbk/buggy
Running ant (compile)...................................................... OK
Running ant (compile.tests)................................................ OK
[exit 0]
$ /Users/bb/Desktop/class/sqa/defects4j/framework/bin/defects4j coverage -w /var/folders/_c/bhfq_dq542v3xgprq8g8_qxc0000gn/T/ga-coverage-v2-Closure_29-n0ht6bbk/buggy -s /var/folders/_c/bhfq_dq542v3xgprq8g8_qxc0000gn/T/ga-coverage-v2-Closure_29-n0ht6bbk/Closure-29b-evosuite-ga.1.tar.bz2
Extract test suite......................................................... OK
Running ant (compile.gen.tests)............................................ OK
Running ant (coverage.instrument).......................................... OK
Running ant (run.gen.tests)................................................ OK
Running ant (coverage.report).............................................. OK
       Lines total: 174
     Lines covered: 8
  Conditions total: 104
Conditions covered: 0
     Line coverage: 4.6%
Condition coverage: 0.0%
[exit 0]
